Release 14.7 - xst P.20131013 (lin64)
Copyright (c) 1995-2013 Xilinx, Inc.  All rights reserved.
--> 
Parameter TMPDIR set to xst/projnav.tmp


Total REAL time to Xst completion: 0.00 secs
Total CPU time to Xst completion: 0.05 secs
 
--> 
Parameter xsthdpdir set to xst


Total REAL time to Xst completion: 0.00 secs
Total CPU time to Xst completion: 0.05 secs
 
--> 
Reading design: ALU.prj

TABLE OF CONTENTS
  1) Synthesis Options Summary
  2) HDL Parsing
  3) HDL Elaboration
  4) HDL Synthesis
       4.1) HDL Synthesis Report
  5) Advanced HDL Synthesis
       5.1) Advanced HDL Synthesis Report
  6) Low Level Synthesis
  7) Partition Report
  8) Design Summary
       8.1) Primitive and Black Box Usage
       8.2) Device utilization summary
       8.3) Partition Resource Summary
       8.4) Timing Report
            8.4.1) Clock Information
            8.4.2) Asynchronous Control Signals Information
            8.4.3) Timing Summary
            8.4.4) Timing Details
            8.4.5) Cross Clock Domains Report


=========================================================================
*                      Synthesis Options Summary                        *
=========================================================================
---- Source Parameters
Input File Name                    : "ALU.prj"
Ignore Synthesis Constraint File   : NO

---- Target Parameters
Output File Name                   : "ALU"
Output Format                      : NGC
Target Device                      : xc7a100t-1-csg324

---- Source Options
Top Module Name                    : ALU
Automatic FSM Extraction           : YES
FSM Encoding Algorithm             : Auto
Safe Implementation                : No
FSM Style                          : LUT
RAM Extraction                     : Yes
RAM Style                          : Auto
ROM Extraction                     : Yes
Shift Register Extraction          : YES
ROM Style                          : Auto
Resource Sharing                   : YES
Asynchronous To Synchronous        : NO
Shift Register Minimum Size        : 2
Use DSP Block                      : Auto
Automatic Register Balancing       : No

---- Target Options
LUT Combining                      : Auto
Reduce Control Sets                : Auto
Add IO Buffers                     : YES
Global Maximum Fanout              : 100000
Add Generic Clock Buffer(BUFG)     : 32
Register Duplication               : YES
Optimize Instantiated Primitives   : NO
Use Clock Enable                   : Auto
Use Synchronous Set                : Auto
Use Synchronous Reset              : Auto
Pack IO Registers into IOBs        : Auto
Equivalent register Removal        : YES

---- General Options
Optimization Goal                  : Speed
Optimization Effort                : 1
Power Reduction                    : NO
Keep Hierarchy                     : No
Netlist Hierarchy                  : As_Optimized
RTL Output                         : Yes
Global Optimization                : AllClockNets
Read Cores                         : YES
Write Timing Constraints           : NO
Cross Clock Analysis               : NO
Hierarchy Separator                : /
Bus Delimiter                      : <>
Case Specifier                     : Maintain
Slice Utilization Ratio            : 100
BRAM Utilization Ratio             : 100
DSP48 Utilization Ratio            : 100
Auto BRAM Packing                  : NO
Slice Utilization Ratio Delta      : 5

=========================================================================


=========================================================================
*                          HDL Parsing                                  *
=========================================================================
Analyzing Verilog file "/home/ishan/Desktop/sem5/COA lab/KGP_RISC/KGP_RISC/ALU.v" into library work
Parsing module <ALU>.

=========================================================================
*                            HDL Elaboration                            *
=========================================================================

Elaborating module <ALU>.
WARNING:HDLCompiler:413 - "/home/ishan/Desktop/sem5/COA lab/KGP_RISC/KGP_RISC/ALU.v" Line 40: Result of 32-bit expression is truncated to fit in 1-bit target.
WARNING:HDLCompiler:413 - "/home/ishan/Desktop/sem5/COA lab/KGP_RISC/KGP_RISC/ALU.v" Line 41: Result of 32-bit expression is truncated to fit in 1-bit target.

=========================================================================
*                           HDL Synthesis                               *
=========================================================================

Synthesizing Unit <ALU>.
    Related source file is "/home/ishan/Desktop/sem5/COA lab/KGP_RISC/KGP_RISC/ALU.v".
    Found 33-bit adder for signal <a[31]_b[31]_add_0_OUT> created at line 33.
    Found 32-bit adder for signal <a[31]_GND_1_o_add_2_OUT> created at line 34.
    Found 32-bit shifter logical left for signal <a[31]_b[31]_shift_left_5_OUT> created at line 37
    Found 32-bit shifter logical right for signal <a[31]_b[31]_shift_right_6_OUT> created at line 38
    Found 32-bit shifter arithmetic right for signal <a[31]_b[31]_shift_right_7_OUT> created at line 39
WARNING:Xst:737 - Found 1-bit latch for signal <result<30>>. Latches may be generated from incomplete case or if statements. We do not recommend the use of latches in FPGA/CPLD designs, as they may lead to timing problems.
WARNING:Xst:737 - Found 1-bit latch for signal <result<29>>. Latches may be generated from incomplete case or if statements. We do not recommend the use of latches in FPGA/CPLD designs, as they may lead to timing problems.
WARNING:Xst:737 - Found 1-bit latch for signal <result<28>>. Latches may be generated from incomplete case or if statements. We do not recommend the use of latches in FPGA/CPLD designs, as they may lead to timing problems.
WARNING:Xst:737 - Found 1-bit latch for signal <result<27>>. Latches may be generated from incomplete case or if statements. We do not recommend the use of latches in FPGA/CPLD designs, as they may lead to timing problems.
WARNING:Xst:737 - Found 1-bit latch for signal <result<26>>. Latches may be generated from incomplete case or if statements. We do not recommend the use of latches in FPGA/CPLD designs, as they may lead to timing problems.
WARNING:Xst:737 - Found 1-bit latch for signal <result<25>>. Latches may be generated from incomplete case or if statements. We do not recommend the use of latches in FPGA/CPLD designs, as they may lead to timing problems.
WARNING:Xst:737 - Found 1-bit latch for signal <result<24>>. Latches may be generated from incomplete case or if statements. We do not recommend the use of latches in FPGA/CPLD designs, as they may lead to timing problems.
WARNING:Xst:737 - Found 1-bit latch for signal <result<23>>. Latches may be generated from incomplete case or if statements. We do not recommend the use of latches in FPGA/CPLD designs, as they may lead to timing problems.
WARNING:Xst:737 - Found 1-bit latch for signal <result<22>>. Latches may be generated from incomplete case or if statements. We do not recommend the use of latches in FPGA/CPLD designs, as they may lead to timing problems.
WARNING:Xst:737 - Found 1-bit latch for signal <result<21>>. Latches may be generated from incomplete case or if statements. We do not recommend the use of latches in FPGA/CPLD designs, as they may lead to timing problems.
WARNING:Xst:737 - Found 1-bit latch for signal <result<20>>. Latches may be generated from incomplete case or if statements. We do not recommend the use of latches in FPGA/CPLD designs, as they may lead to timing problems.
WARNING:Xst:737 - Found 1-bit latch for signal <result<19>>. Latches may be generated from incomplete case or if statements. We do not recommend the use of latches in FPGA/CPLD designs, as they may lead to timing problems.
WARNING:Xst:737 - Found 1-bit latch for signal <result<18>>. Latches may be generated from incomplete case or if statements. We do not recommend the use of latches in FPGA/CPLD designs, as they may lead to timing problems.
WARNING:Xst:737 - Found 1-bit latch for signal <result<17>>. Latches may be generated from incomplete case or if statements. We do not recommend the use of latches in FPGA/CPLD designs, as they may lead to timing problems.
WARNING:Xst:737 - Found 1-bit latch for signal <result<16>>. Latches may be generated from incomplete case or if statements. We do not recommend the use of latches in FPGA/CPLD designs, as they may lead to timing problems.
WARNING:Xst:737 - Found 1-bit latch for signal <result<15>>. Latches may be generated from incomplete case or if statements. We do not recommend the use of latches in FPGA/CPLD designs, as they may lead to timing problems.
WARNING:Xst:737 - Found 1-bit latch for signal <result<14>>. Latches may be generated from incomplete case or if statements. We do not recommend the use of latches in FPGA/CPLD designs, as they may lead to timing problems.
WARNING:Xst:737 - Found 1-bit latch for signal <result<13>>. Latches may be generated from incomplete case or if statements. We do not recommend the use of latches in FPGA/CPLD designs, as they may lead to timing problems.
WARNING:Xst:737 - Found 1-bit latch for signal <result<12>>. Latches may be generated from incomplete case or if statements. We do not recommend the use of latches in FPGA/CPLD designs, as they may lead to timing problems.
WARNING:Xst:737 - Found 1-bit latch for signal <result<11>>. Latches may be generated from incomplete case or if statements. We do not recommend the use of latches in FPGA/CPLD designs, as they may lead to timing problems.
WARNING:Xst:737 - Found 1-bit latch for signal <result<10>>. Latches may be generated from incomplete case or if statements. We do not recommend the use of latches in FPGA/CPLD designs, as they may lead to timing problems.
WARNING:Xst:737 - Found 1-bit latch for signal <result<9>>. Latches may be generated from incomplete case or if statements. We do not recommend the use of latches in FPGA/CPLD designs, as they may lead to timing problems.
WARNING:Xst:737 - Found 1-bit latch for signal <result<8>>. Latches may be generated from incomplete case or if statements. We do not recommend the use of latches in FPGA/CPLD designs, as they may lead to timing problems.
WARNING:Xst:737 - Found 1-bit latch for signal <result<7>>. Latches may be generated from incomplete case or if statements. We do not recommend the use of latches in FPGA/CPLD designs, as they may lead to timing problems.
WARNING:Xst:737 - Found 1-bit latch for signal <result<6>>. Latches may be generated from incomplete case or if statements. We do not recommend the use of latches in FPGA/CPLD designs, as they may lead to timing problems.
WARNING:Xst:737 - Found 1-bit latch for signal <result<5>>. Latches may be generated from incomplete case or if statements. We do not recommend the use of latches in FPGA/CPLD designs, as they may lead to timing problems.
WARNING:Xst:737 - Found 1-bit latch for signal <result<4>>. Latches may be generated from incomplete case or if statements. We do not recommend the use of latches in FPGA/CPLD designs, as they may lead to timing problems.
WARNING:Xst:737 - Found 1-bit latch for signal <result<3>>. Latches may be generated from incomplete case or if statements. We do not recommend the use of latches in FPGA/CPLD designs, as they may lead to timing problems.
WARNING:Xst:737 - Found 1-bit latch for signal <result<2>>. Latches may be generated from incomplete case or if statements. We do not recommend the use of latches in FPGA/CPLD designs, as they may lead to timing problems.
WARNING:Xst:737 - Found 1-bit latch for signal <result<1>>. Latches may be generated from incomplete case or if statements. We do not recommend the use of latches in FPGA/CPLD designs, as they may lead to timing problems.
WARNING:Xst:737 - Found 1-bit latch for signal <result<0>>. Latches may be generated from incomplete case or if statements. We do not recommend the use of latches in FPGA/CPLD designs, as they may lead to timing problems.
WARNING:Xst:737 - Found 1-bit latch for signal <result<31>>. Latches may be generated from incomplete case or if statements. We do not recommend the use of latches in FPGA/CPLD designs, as they may lead to timing problems.
    Found 32-bit comparator greater for signal <GND_1_o_a[31]_LessThan_9_o> created at line 40
    Summary:
	inferred   2 Adder/Subtractor(s).
	inferred  32 Latch(s).
	inferred   1 Comparator(s).
	inferred 260 Multiplexer(s).
	inferred   3 Combinational logic shifter(s).
Unit <ALU> synthesized.

=========================================================================
HDL Synthesis Report

Macro Statistics
# Adders/Subtractors                                   : 2
 32-bit adder                                          : 1
 33-bit adder                                          : 1
# Latches                                              : 32
 1-bit latch                                           : 32
# Comparators                                          : 1
 32-bit comparator greater                             : 1
# Multiplexers                                         : 260
 1-bit 2-to-1 multiplexer                              : 257
 32-bit 2-to-1 multiplexer                             : 3
# Logic shifters                                       : 3
 32-bit shifter arithmetic right                       : 1
 32-bit shifter logical left                           : 1
 32-bit shifter logical right                          : 1
# Xors                                                 : 1
 32-bit xor2                                           : 1

=========================================================================

=========================================================================
*                       Advanced HDL Synthesis                          *
=========================================================================


=========================================================================
Advanced HDL Synthesis Report

Macro Statistics
# Adders/Subtractors                                   : 2
 32-bit adder                                          : 1
 33-bit adder                                          : 1
# Comparators                                          : 1
 32-bit comparator greater                             : 1
# Multiplexers                                         : 260
 1-bit 2-to-1 multiplexer                              : 257
 32-bit 2-to-1 multiplexer                             : 3
# Logic shifters                                       : 3
 32-bit shifter arithmetic right                       : 1
 32-bit shifter logical left                           : 1
 32-bit shifter logical right                          : 1
# Xors                                                 : 1
 32-bit xor2                                           : 1

=========================================================================

=========================================================================
*                         Low Level Synthesis                           *
=========================================================================

Optimizing unit <ALU> ...

Mapping all equations...
Building and optimizing final netlist ...
Found area constraint ratio of 100 (+ 5) on block ALU, actual ratio is 0.

Final Macro Processing ...

=========================================================================
Final Register Report

Found no macro
=========================================================================

=========================================================================
*                           Partition Report                            *
=========================================================================

Partition Implementation Status
-------------------------------

  No Partitions were found in this design.

-------------------------------

=========================================================================
*                            Design Summary                             *
=========================================================================

Top Level Output File Name         : ALU.ngc

Primitive and Black Box Usage:
------------------------------
# BELS                             : 555
#      GND                         : 1
#      INV                         : 31
#      LUT1                        : 1
#      LUT2                        : 46
#      LUT3                        : 73
#      LUT4                        : 12
#      LUT5                        : 67
#      LUT6                        : 190
#      MUXCY                       : 63
#      MUXF7                       : 5
#      VCC                         : 1
#      XORCY                       : 65
# FlipFlops/Latches                : 32
#      LD                          : 32
# Clock Buffers                    : 1
#      BUFG                        : 1
# IO Buffers                       : 103
#      IBUF                        : 69
#      OBUF                        : 34

Device utilization summary:
---------------------------

Selected Device : 7a100tcsg324-1 


Slice Logic Utilization: 
 Number of Slice LUTs:                  420  out of  63400     0%  
    Number used as Logic:               420  out of  63400     0%  

Slice Logic Distribution: 
 Number of LUT Flip Flop pairs used:    420
   Number with an unused Flip Flop:     420  out of    420   100%  
   Number with an unused LUT:             0  out of    420     0%  
   Number of fully used LUT-FF pairs:     0  out of    420     0%  
   Number of unique control sets:         1

IO Utilization: 
 Number of IOs:                         103
 Number of bonded IOBs:                 103  out of    210    49%  
    IOB Flip Flops/Latches:              32

Specific Feature Utilization:
 Number of BUFG/BUFGCTRLs:                1  out of     32     3%  

---------------------------
Partition Resource Summary:
---------------------------

  No Partitions were found in this design.

---------------------------


=========================================================================
Timing Report

NOTE: THESE TIMING NUMBERS ARE ONLY A SYNTHESIS ESTIMATE.
      FOR ACCURATE TIMING INFORMATION PLEASE REFER TO THE TRACE REPORT
      GENERATED AFTER PLACE-and-ROUTE.

Clock Information:
------------------
-----------------------------------+------------------------+-------+
Clock Signal                       | Clock buffer(FF name)  | Load  |
-----------------------------------+------------------------+-------+
_n0136(_n01361:O)                  | BUFG(*)(result_31)     | 32    |
-----------------------------------+------------------------+-------+
(*) This 1 clock signal(s) are generated by combinatorial logic,
and XST is not able to identify which are the primary clock signals.
Please use the CLOCK_SIGNAL constraint to specify the clock signal(s) generated by combinatorial logic.

Asynchronous Control Signals Information:
----------------------------------------
No asynchronous control signals found in this design

Timing Summary:
---------------
Speed Grade: -1

   Minimum period: No path found
   Minimum input arrival time before clock: 5.692ns
   Maximum output required time after clock: 1.024ns
   Maximum combinational path delay: 3.689ns

Timing Details:
---------------
All values displayed in nanoseconds (ns)

=========================================================================
Timing constraint: Default OFFSET IN BEFORE for Clock '_n0136'
  Total number of paths / destination ports: 6671 / 32
-------------------------------------------------------------------------
Offset:              5.692ns (Levels of Logic = 8)
  Source:            b<16> (PAD)
  Destination:       result_27 (LATCH)
  Destination Clock: _n0136 falling

  Data Path: b<16> to result_27
                                Gate     Net
    Cell:in->out      fanout   Delay   Delay  Logical Name (Net Name)
    ----------------------------------------  ------------
     IBUF:I->O             3   0.001   0.953  b_16_IBUF (b_16_IBUF)
     LUT6:I0->O            1   0.124   0.716  out3 (out2)
     LUT3:I0->O            1   0.124   0.421  out7_SW0 (N22)
     LUT6:I5->O           29   0.124   0.573  out7 (_n0982)
     LUT5:I4->O            6   0.124   0.952  Mmux_aluop[4]_a[31]_Select_26_o21121 (Mmux_aluop[4]_a[31]_Select_26_o2112)
     LUT5:I0->O            1   0.124   0.776  Mmux_aluop[4]_a[31]_Select_26_o2123 (Mmux_aluop[4]_a[31]_Select_26_o2122)
     LUT5:I1->O            1   0.124   0.421  Mmux_aluop[4]_a[31]_Select_26_o2125 (Mmux_aluop[4]_a[31]_Select_26_o2124)
     LUT6:I5->O            1   0.124   0.000  Mmux_aluop[4]_a[31]_Select_26_o2126 (aluop[4]_a[31]_Select_34_o)
     LD:D                      0.011          result_27
    ----------------------------------------
    Total                      5.692ns (0.880ns logic, 4.812ns route)
                                       (15.5% logic, 84.5% route)

=========================================================================
Timing constraint: Default OFFSET OUT AFTER for Clock '_n0136'
  Total number of paths / destination ports: 32 / 32
-------------------------------------------------------------------------
Offset:              1.024ns (Levels of Logic = 1)
  Source:            result_31 (LATCH)
  Destination:       result<31> (PAD)
  Source Clock:      _n0136 falling

  Data Path: result_31 to result<31>
                                Gate     Net
    Cell:in->out      fanout   Delay   Delay  Logical Name (Net Name)
    ----------------------------------------  ------------
     LD:G->Q               1   0.625   0.399  result_31 (result_31)
     OBUF:I->O                 0.000          result_31_OBUF (result<31>)
    ----------------------------------------
    Total                      1.024ns (0.625ns logic, 0.399ns route)
                                       (61.0% logic, 39.0% route)

=========================================================================
Timing constraint: Default path analysis
  Total number of paths / destination ports: 145 / 2
-------------------------------------------------------------------------
Delay:               3.689ns (Levels of Logic = 37)
  Source:            a<0> (PAD)
  Destination:       carry (PAD)

  Data Path: a<0> to carry
                                Gate     Net
    Cell:in->out      fanout   Delay   Delay  Logical Name (Net Name)
    ----------------------------------------  ------------
     IBUF:I->O            13   0.001   0.616  a_0_IBUF (a_0_IBUF)
     LUT2:I0->O            1   0.124   0.000  Madd_a[31]_b[31]_add_0_OUT_lut<0> (Madd_a[31]_b[31]_add_0_OUT_lut<0>)
     MUXCY:S->O            1   0.472   0.000  Madd_a[31]_b[31]_add_0_OUT_cy<0> (Madd_a[31]_b[31]_add_0_OUT_cy<0>)
     MUXCY:CI->O           1   0.029   0.000  Madd_a[31]_b[31]_add_0_OUT_cy<1> (Madd_a[31]_b[31]_add_0_OUT_cy<1>)
     MUXCY:CI->O           1   0.029   0.000  Madd_a[31]_b[31]_add_0_OUT_cy<2> (Madd_a[31]_b[31]_add_0_OUT_cy<2>)
     MUXCY:CI->O           1   0.029   0.000  Madd_a[31]_b[31]_add_0_OUT_cy<3> (Madd_a[31]_b[31]_add_0_OUT_cy<3>)
     MUXCY:CI->O           1   0.029   0.000  Madd_a[31]_b[31]_add_0_OUT_cy<4> (Madd_a[31]_b[31]_add_0_OUT_cy<4>)
     MUXCY:CI->O           1   0.029   0.000  Madd_a[31]_b[31]_add_0_OUT_cy<5> (Madd_a[31]_b[31]_add_0_OUT_cy<5>)
     MUXCY:CI->O           1   0.029   0.000  Madd_a[31]_b[31]_add_0_OUT_cy<6> (Madd_a[31]_b[31]_add_0_OUT_cy<6>)
     MUXCY:CI->O           1   0.029   0.000  Madd_a[31]_b[31]_add_0_OUT_cy<7> (Madd_a[31]_b[31]_add_0_OUT_cy<7>)
     MUXCY:CI->O           1   0.029   0.000  Madd_a[31]_b[31]_add_0_OUT_cy<8> (Madd_a[31]_b[31]_add_0_OUT_cy<8>)
     MUXCY:CI->O           1   0.029   0.000  Madd_a[31]_b[31]_add_0_OUT_cy<9> (Madd_a[31]_b[31]_add_0_OUT_cy<9>)
     MUXCY:CI->O           1   0.029   0.000  Madd_a[31]_b[31]_add_0_OUT_cy<10> (Madd_a[31]_b[31]_add_0_OUT_cy<10>)
     MUXCY:CI->O           1   0.029   0.000  Madd_a[31]_b[31]_add_0_OUT_cy<11> (Madd_a[31]_b[31]_add_0_OUT_cy<11>)
     MUXCY:CI->O           1   0.029   0.000  Madd_a[31]_b[31]_add_0_OUT_cy<12> (Madd_a[31]_b[31]_add_0_OUT_cy<12>)
     MUXCY:CI->O           1   0.029   0.000  Madd_a[31]_b[31]_add_0_OUT_cy<13> (Madd_a[31]_b[31]_add_0_OUT_cy<13>)
     MUXCY:CI->O           1   0.029   0.000  Madd_a[31]_b[31]_add_0_OUT_cy<14> (Madd_a[31]_b[31]_add_0_OUT_cy<14>)
     MUXCY:CI->O           1   0.029   0.000  Madd_a[31]_b[31]_add_0_OUT_cy<15> (Madd_a[31]_b[31]_add_0_OUT_cy<15>)
     MUXCY:CI->O           1   0.029   0.000  Madd_a[31]_b[31]_add_0_OUT_cy<16> (Madd_a[31]_b[31]_add_0_OUT_cy<16>)
     MUXCY:CI->O           1   0.029   0.000  Madd_a[31]_b[31]_add_0_OUT_cy<17> (Madd_a[31]_b[31]_add_0_OUT_cy<17>)
     MUXCY:CI->O           1   0.029   0.000  Madd_a[31]_b[31]_add_0_OUT_cy<18> (Madd_a[31]_b[31]_add_0_OUT_cy<18>)
     MUXCY:CI->O           1   0.029   0.000  Madd_a[31]_b[31]_add_0_OUT_cy<19> (Madd_a[31]_b[31]_add_0_OUT_cy<19>)
     MUXCY:CI->O           1   0.029   0.000  Madd_a[31]_b[31]_add_0_OUT_cy<20> (Madd_a[31]_b[31]_add_0_OUT_cy<20>)
     MUXCY:CI->O           1   0.029   0.000  Madd_a[31]_b[31]_add_0_OUT_cy<21> (Madd_a[31]_b[31]_add_0_OUT_cy<21>)
     MUXCY:CI->O           1   0.029   0.000  Madd_a[31]_b[31]_add_0_OUT_cy<22> (Madd_a[31]_b[31]_add_0_OUT_cy<22>)
     MUXCY:CI->O           1   0.029   0.000  Madd_a[31]_b[31]_add_0_OUT_cy<23> (Madd_a[31]_b[31]_add_0_OUT_cy<23>)
     MUXCY:CI->O           1   0.029   0.000  Madd_a[31]_b[31]_add_0_OUT_cy<24> (Madd_a[31]_b[31]_add_0_OUT_cy<24>)
     MUXCY:CI->O           1   0.029   0.000  Madd_a[31]_b[31]_add_0_OUT_cy<25> (Madd_a[31]_b[31]_add_0_OUT_cy<25>)
     MUXCY:CI->O           1   0.029   0.000  Madd_a[31]_b[31]_add_0_OUT_cy<26> (Madd_a[31]_b[31]_add_0_OUT_cy<26>)
     MUXCY:CI->O           1   0.029   0.000  Madd_a[31]_b[31]_add_0_OUT_cy<27> (Madd_a[31]_b[31]_add_0_OUT_cy<27>)
     MUXCY:CI->O           1   0.029   0.000  Madd_a[31]_b[31]_add_0_OUT_cy<28> (Madd_a[31]_b[31]_add_0_OUT_cy<28>)
     MUXCY:CI->O           1   0.029   0.000  Madd_a[31]_b[31]_add_0_OUT_cy<29> (Madd_a[31]_b[31]_add_0_OUT_cy<29>)
     MUXCY:CI->O           1   0.029   0.000  Madd_a[31]_b[31]_add_0_OUT_cy<30> (Madd_a[31]_b[31]_add_0_OUT_cy<30>)
     MUXCY:CI->O           0   0.029   0.000  Madd_a[31]_b[31]_add_0_OUT_cy<31> (Madd_a[31]_b[31]_add_0_OUT_cy<31>)
     XORCY:CI->O           1   0.510   0.536  Madd_a[31]_b[31]_add_0_OUT_xor<32> (a[31]_b[31]_add_0_OUT<32>)
     LUT6:I4->O            1   0.124   0.399  Mmux_carry11 (carry_OBUF)
     OBUF:I->O                 0.000          carry_OBUF (carry)
    ----------------------------------------
    Total                      3.689ns (2.138ns logic, 1.551ns route)
                                       (58.0% logic, 42.0% route)

=========================================================================

Cross Clock Domains Report:
--------------------------

=========================================================================


Total REAL time to Xst completion: 11.00 secs
Total CPU time to Xst completion: 10.52 secs
 
--> 


Total memory usage is 499376 kilobytes

Number of errors   :    0 (   0 filtered)
Number of warnings :   34 (   0 filtered)
Number of infos    :    0 (   0 filtered)

